// Jest Snapshot v1, https://goo.gl/fbAQLP

exports[`<UsernamePropmtModal /> render() render component 1`] = `
<div>
  <div
    className="username-modal"
  />
  <div
    className="prompt"
  >
    <div
      className="formWrapper"
    >
      <h3>
        Please enter your username:
      </h3>
      <input
        autoFocus={true}
        onChange={[Function]}
        onKeyPress={[Function]}
      />
      <button
        onClick={[Function]}
      >
        Chat!
      </button>
    </div>
  </div>
</div>
`;
